Archive member included to satisfy reference by file (symbol)

d:/folderpers/toolchain/atmeltoolchain/tools/avr8/avr8-gnu-toolchain/bin/../lib/gcc/avr/5.4.0/avr5\libgcc.a(_exit.o)
                              d:/folderpers/toolchain/atmeltoolchain/tools/avr8/avr8-gnu-toolchain/bin/../lib/gcc/avr/5.4.0/../../../../avr/lib/avr5/crtatmega32a.o (exit)
d:/folderpers/toolchain/atmeltoolchain/tools/avr8/avr8-gnu-toolchain/bin/../lib/gcc/avr/5.4.0/avr5\libgcc.a(_copy_data.o)
                              OUT/ceas.o (__do_copy_data)
d:/folderpers/toolchain/atmeltoolchain/tools/avr8/avr8-gnu-toolchain/bin/../lib/gcc/avr/5.4.0/avr5\libgcc.a(_clear_bss.o)
                              OUT/button.o (__do_clear_bss)

Allocating common symbols
Common symbol       size              file

debounce_counter    0x8               OUT/button.o
Tasks               0x24              OUT/os.o
button_state        0x8               OUT/button.o
button_down         0x8               OUT/button.o

Memory Configuration

Name             Origin             Length             Attributes
text             0x00000000         0x00020000         xr
data             0x00800060         0x0000ffa0         rw !x
eeprom           0x00810000         0x00010000         rw !x
fuse             0x00820000         0x00000002         rw !x
lock             0x00830000         0x00000400         rw !x
signature        0x00840000         0x00000400         rw !x
user_signatures  0x00850000         0x00000400         rw !x
*default*        0x00000000         0xffffffff

Linker script and memory map

LOAD d:/folderpers/toolchain/atmeltoolchain/tools/avr8/avr8-gnu-toolchain/bin/../lib/gcc/avr/5.4.0/../../../../avr/lib/avr5/crtatmega32a.o
LOAD OUT/afisare.o
LOAD OUT/Timer.o
LOAD OUT/button.o
LOAD OUT/main.o
LOAD OUT/ceas.o
LOAD OUT/os.o
START GROUP
LOAD d:/folderpers/toolchain/atmeltoolchain/tools/avr8/avr8-gnu-toolchain/bin/../lib/gcc/avr/5.4.0/avr5\libgcc.a
LOAD d:/folderpers/toolchain/atmeltoolchain/tools/avr8/avr8-gnu-toolchain/bin/../lib/gcc/avr/5.4.0/../../../../avr/lib/avr5\libm.a
LOAD d:/folderpers/toolchain/atmeltoolchain/tools/avr8/avr8-gnu-toolchain/bin/../lib/gcc/avr/5.4.0/../../../../avr/lib/avr5\libc.a
LOAD d:/folderpers/toolchain/atmeltoolchain/tools/avr8/avr8-gnu-toolchain/bin/../lib/gcc/avr/5.4.0/../../../../avr/lib/avr5\libatmega32a.a
END GROUP
                0x00020000                __TEXT_REGION_LENGTH__ = DEFINED (__TEXT_REGION_LENGTH__)?__TEXT_REGION_LENGTH__:0x20000
                0x0000ffa0                __DATA_REGION_LENGTH__ = DEFINED (__DATA_REGION_LENGTH__)?__DATA_REGION_LENGTH__:0xffa0
                0x00010000                __EEPROM_REGION_LENGTH__ = DEFINED (__EEPROM_REGION_LENGTH__)?__EEPROM_REGION_LENGTH__:0x10000
                [0x00000002]                __FUSE_REGION_LENGTH__ = DEFINED (__FUSE_REGION_LENGTH__)?__FUSE_REGION_LENGTH__:0x400
                0x00000400                __LOCK_REGION_LENGTH__ = DEFINED (__LOCK_REGION_LENGTH__)?__LOCK_REGION_LENGTH__:0x400
                0x00000400                __SIGNATURE_REGION_LENGTH__ = DEFINED (__SIGNATURE_REGION_LENGTH__)?__SIGNATURE_REGION_LENGTH__:0x400
                0x00000400                __USER_SIGNATURE_REGION_LENGTH__ = DEFINED (__USER_SIGNATURE_REGION_LENGTH__)?__USER_SIGNATURE_REGION_LENGTH__:0x400

.hash
 *(.hash)

.dynsym
 *(.dynsym)

.dynstr
 *(.dynstr)

.gnu.version
 *(.gnu.version)

.gnu.version_d
 *(.gnu.version_d)

.gnu.version_r
 *(.gnu.version_r)

.rel.init
 *(.rel.init)

.rela.init
 *(.rela.init)

.rel.text
 *(.rel.text)
 *(.rel.text.*)
 *(.rel.gnu.linkonce.t*)

.rela.text
 *(.rela.text)
 *(.rela.text.*)
 *(.rela.gnu.linkonce.t*)

.rel.fini
 *(.rel.fini)

.rela.fini
 *(.rela.fini)

.rel.rodata
 *(.rel.rodata)
 *(.rel.rodata.*)
 *(.rel.gnu.linkonce.r*)

.rela.rodata
 *(.rela.rodata)
 *(.rela.rodata.*)
 *(.rela.gnu.linkonce.r*)

.rel.data
 *(.rel.data)
 *(.rel.data.*)
 *(.rel.gnu.linkonce.d*)

.rela.data
 *(.rela.data)
 *(.rela.data.*)
 *(.rela.gnu.linkonce.d*)

.rel.ctors
 *(.rel.ctors)

.rela.ctors
 *(.rela.ctors)

.rel.dtors
 *(.rel.dtors)

.rela.dtors
 *(.rela.dtors)

.rel.got
 *(.rel.got)

.rela.got
 *(.rela.got)

.rel.bss
 *(.rel.bss)

.rela.bss
 *(.rela.bss)

.rel.plt
 *(.rel.plt)

.rela.plt
 *(.rela.plt)

.text           0x00000000      0x572
 *(.vectors)
 .vectors       0x00000000       0x54 d:/folderpers/toolchain/atmeltoolchain/tools/avr8/avr8-gnu-toolchain/bin/../lib/gcc/avr/5.4.0/../../../../avr/lib/avr5/crtatmega32a.o
                0x00000000                __vector_default
                0x00000000                __vectors
 *(.vectors)
 *(.progmem.gcc*)
                0x00000054                . = ALIGN (0x2)
                0x00000054                __trampolines_start = .
 *(.trampolines)
 .trampolines   0x00000054        0x0 linker stubs
 *(.trampolines*)
                0x00000054                __trampolines_end = .
 *libprintf_flt.a:*(.progmem.data)
 *libc.a:*(.progmem.data)
 *(.progmem*)
                0x00000054                . = ALIGN (0x2)
 *(.jumptables)
 *(.jumptables*)
 *(.lowtext)
 *(.lowtext*)
                0x00000054                __ctors_start = .
 *(.ctors)
                0x00000054                __ctors_end = .
                0x00000054                __dtors_start = .
 *(.dtors)
                0x00000054                __dtors_end = .
 SORT(*)(.ctors)
 SORT(*)(.dtors)
 *(.init0)
 .init0         0x00000054        0x0 d:/folderpers/toolchain/atmeltoolchain/tools/avr8/avr8-gnu-toolchain/bin/../lib/gcc/avr/5.4.0/../../../../avr/lib/avr5/crtatmega32a.o
                0x00000054                __init
 *(.init0)
 *(.init1)
 *(.init1)
 *(.init2)
 .init2         0x00000054        0xc d:/folderpers/toolchain/atmeltoolchain/tools/avr8/avr8-gnu-toolchain/bin/../lib/gcc/avr/5.4.0/../../../../avr/lib/avr5/crtatmega32a.o
 *(.init2)
 *(.init3)
 *(.init3)
 *(.init4)
 .init4         0x00000060       0x16 d:/folderpers/toolchain/atmeltoolchain/tools/avr8/avr8-gnu-toolchain/bin/../lib/gcc/avr/5.4.0/avr5\libgcc.a(_copy_data.o)
                0x00000060                __do_copy_data
 .init4         0x00000076       0x10 d:/folderpers/toolchain/atmeltoolchain/tools/avr8/avr8-gnu-toolchain/bin/../lib/gcc/avr/5.4.0/avr5\libgcc.a(_clear_bss.o)
                0x00000076                __do_clear_bss
 *(.init4)
 *(.init5)
 *(.init5)
 *(.init6)
 *(.init6)
 *(.init7)
 *(.init7)
 *(.init8)
 *(.init8)
 *(.init9)
 .init9         0x00000086        0x8 d:/folderpers/toolchain/atmeltoolchain/tools/avr8/avr8-gnu-toolchain/bin/../lib/gcc/avr/5.4.0/../../../../avr/lib/avr5/crtatmega32a.o
 *(.init9)
 *(.text)
 .text          0x0000008e        0x4 d:/folderpers/toolchain/atmeltoolchain/tools/avr8/avr8-gnu-toolchain/bin/../lib/gcc/avr/5.4.0/../../../../avr/lib/avr5/crtatmega32a.o
                0x0000008e                __vector_1
                0x0000008e                __vector_12
                0x0000008e                __bad_interrupt
                0x0000008e                __vector_6
                0x0000008e                __vector_3
                0x0000008e                __vector_13
                0x0000008e                __vector_17
                0x0000008e                __vector_19
                0x0000008e                __vector_7
                0x0000008e                __vector_5
                0x0000008e                __vector_4
                0x0000008e                __vector_2
                0x0000008e                __vector_15
                0x0000008e                __vector_8
                0x0000008e                __vector_14
                0x0000008e                __vector_10
                0x0000008e                __vector_16
                0x0000008e                __vector_18
                0x0000008e                __vector_20
 .text          0x00000092        0x0 OUT/afisare.o
 .text          0x00000092        0x0 OUT/Timer.o
 .text          0x00000092        0x0 OUT/button.o
 .text          0x00000092        0x0 OUT/main.o
 .text          0x00000092        0x0 OUT/ceas.o
 .text          0x00000092        0x0 OUT/os.o
 .text          0x00000092        0x0 d:/folderpers/toolchain/atmeltoolchain/tools/avr8/avr8-gnu-toolchain/bin/../lib/gcc/avr/5.4.0/avr5\libgcc.a(_exit.o)
 .text          0x00000092        0x0 d:/folderpers/toolchain/atmeltoolchain/tools/avr8/avr8-gnu-toolchain/bin/../lib/gcc/avr/5.4.0/avr5\libgcc.a(_copy_data.o)
 .text          0x00000092        0x0 d:/folderpers/toolchain/atmeltoolchain/tools/avr8/avr8-gnu-toolchain/bin/../lib/gcc/avr/5.4.0/avr5\libgcc.a(_clear_bss.o)
                0x00000092                . = ALIGN (0x2)
 *(.text.*)
 .text.AfisareSecunde
                0x00000092       0x84 OUT/afisare.o
                0x00000092                AfisareSecunde
 .text.AfisareOra
                0x00000116       0x84 OUT/afisare.o
                0x00000116                AfisareOra
 .text.AfisareDigiti
                0x0000019a       0x5a OUT/afisare.o
                0x0000019a                AfisareDigiti
 .text.InitializarePorturiAfisareDigiti
                0x000001f4       0x14 OUT/afisare.o
                0x000001f4                InitializarePorturiAfisareDigiti
 .text.timer1_init
                0x00000208        0xc OUT/Timer.o
                0x00000208                timer1_init
 .text.InitTimer0
                0x00000214       0x12 OUT/Timer.o
                0x00000214                InitTimer0
 .text.__vector_11
                0x00000226       0x14 OUT/Timer.o
                0x00000226                __vector_11
 .text.__vector_9
                0x0000023a       0x14 OUT/Timer.o
                0x0000023a                __vector_9
 .text.check_buttons
                0x0000024e       0x66 OUT/button.o
                0x0000024e                check_buttons
 .text.is_button_pressed
                0x000002b4       0x1e OUT/button.o
                0x000002b4                is_button_pressed
 .text.press_button
                0x000002d2       0x2a OUT/button.o
                0x000002d2                press_button
 .text.main     0x000002fc       0x10 OUT/main.o
                0x000002fc                main
 .text.IndexMinPentruOre
                0x0000030c       0x56 OUT/ceas.o
                0x0000030c                IndexMinPentruOre
 .text.IncrementareOreSiMinute
                0x00000362       0x52 OUT/ceas.o
                0x00000362                IncrementareOreSiMinute
 .text.IncrementareSecunde
                0x000003b4       0x64 OUT/ceas.o
                0x000003b4                IncrementareSecunde
 .text.IncrementareMiliSec
                0x00000418       0x68 OUT/ceas.o
                0x00000418                IncrementareMiliSec
 .text.Task10ms
                0x00000480        0x2 OUT/os.o
                0x00000480                Task10ms
 .text.Task100ms
                0x00000482        0x2 OUT/os.o
                0x00000482                Task100ms
 .text.Task1ms  0x00000484        0xa OUT/os.o
                0x00000484                Task1ms
 .text.Task1000ms
                0x0000048e        0x6 OUT/os.o
                0x0000048e                Task1000ms
 .text.OsInit   0x00000494       0x7a OUT/os.o
                0x00000494                OsInit
 .text.OsStart  0x0000050e       0x60 OUT/os.o
                0x0000050e                OsStart
 .text.libgcc.mul
                0x0000056e        0x0 d:/folderpers/toolchain/atmeltoolchain/tools/avr8/avr8-gnu-toolchain/bin/../lib/gcc/avr/5.4.0/avr5\libgcc.a(_exit.o)
 .text.libgcc.div
                0x0000056e        0x0 d:/folderpers/toolchain/atmeltoolchain/tools/avr8/avr8-gnu-toolchain/bin/../lib/gcc/avr/5.4.0/avr5\libgcc.a(_exit.o)
 .text.libgcc   0x0000056e        0x0 d:/folderpers/toolchain/atmeltoolchain/tools/avr8/avr8-gnu-toolchain/bin/../lib/gcc/avr/5.4.0/avr5\libgcc.a(_exit.o)
 .text.libgcc.prologue
                0x0000056e        0x0 d:/folderpers/toolchain/atmeltoolchain/tools/avr8/avr8-gnu-toolchain/bin/../lib/gcc/avr/5.4.0/avr5\libgcc.a(_exit.o)
 .text.libgcc.builtins
                0x0000056e        0x0 d:/folderpers/toolchain/atmeltoolchain/tools/avr8/avr8-gnu-toolchain/bin/../lib/gcc/avr/5.4.0/avr5\libgcc.a(_exit.o)
 .text.libgcc.fmul
                0x0000056e        0x0 d:/folderpers/toolchain/atmeltoolchain/tools/avr8/avr8-gnu-toolchain/bin/../lib/gcc/avr/5.4.0/avr5\libgcc.a(_exit.o)
 .text.libgcc.fixed
                0x0000056e        0x0 d:/folderpers/toolchain/atmeltoolchain/tools/avr8/avr8-gnu-toolchain/bin/../lib/gcc/avr/5.4.0/avr5\libgcc.a(_exit.o)
 .text.libgcc.mul
                0x0000056e        0x0 d:/folderpers/toolchain/atmeltoolchain/tools/avr8/avr8-gnu-toolchain/bin/../lib/gcc/avr/5.4.0/avr5\libgcc.a(_copy_data.o)
 .text.libgcc.div
                0x0000056e        0x0 d:/folderpers/toolchain/atmeltoolchain/tools/avr8/avr8-gnu-toolchain/bin/../lib/gcc/avr/5.4.0/avr5\libgcc.a(_copy_data.o)
 .text.libgcc   0x0000056e        0x0 d:/folderpers/toolchain/atmeltoolchain/tools/avr8/avr8-gnu-toolchain/bin/../lib/gcc/avr/5.4.0/avr5\libgcc.a(_copy_data.o)
 .text.libgcc.prologue
                0x0000056e        0x0 d:/folderpers/toolchain/atmeltoolchain/tools/avr8/avr8-gnu-toolchain/bin/../lib/gcc/avr/5.4.0/avr5\libgcc.a(_copy_data.o)
 .text.libgcc.builtins
                0x0000056e        0x0 d:/folderpers/toolchain/atmeltoolchain/tools/avr8/avr8-gnu-toolchain/bin/../lib/gcc/avr/5.4.0/avr5\libgcc.a(_copy_data.o)
 .text.libgcc.fmul
                0x0000056e        0x0 d:/folderpers/toolchain/atmeltoolchain/tools/avr8/avr8-gnu-toolchain/bin/../lib/gcc/avr/5.4.0/avr5\libgcc.a(_copy_data.o)
 .text.libgcc.fixed
                0x0000056e        0x0 d:/folderpers/toolchain/atmeltoolchain/tools/avr8/avr8-gnu-toolchain/bin/../lib/gcc/avr/5.4.0/avr5\libgcc.a(_copy_data.o)
 .text.libgcc.mul
                0x0000056e        0x0 d:/folderpers/toolchain/atmeltoolchain/tools/avr8/avr8-gnu-toolchain/bin/../lib/gcc/avr/5.4.0/avr5\libgcc.a(_clear_bss.o)
 .text.libgcc.div
                0x0000056e        0x0 d:/folderpers/toolchain/atmeltoolchain/tools/avr8/avr8-gnu-toolchain/bin/../lib/gcc/avr/5.4.0/avr5\libgcc.a(_clear_bss.o)
 .text.libgcc   0x0000056e        0x0 d:/folderpers/toolchain/atmeltoolchain/tools/avr8/avr8-gnu-toolchain/bin/../lib/gcc/avr/5.4.0/avr5\libgcc.a(_clear_bss.o)
 .text.libgcc.prologue
                0x0000056e        0x0 d:/folderpers/toolchain/atmeltoolchain/tools/avr8/avr8-gnu-toolchain/bin/../lib/gcc/avr/5.4.0/avr5\libgcc.a(_clear_bss.o)
 .text.libgcc.builtins
                0x0000056e        0x0 d:/folderpers/toolchain/atmeltoolchain/tools/avr8/avr8-gnu-toolchain/bin/../lib/gcc/avr/5.4.0/avr5\libgcc.a(_clear_bss.o)
 .text.libgcc.fmul
                0x0000056e        0x0 d:/folderpers/toolchain/atmeltoolchain/tools/avr8/avr8-gnu-toolchain/bin/../lib/gcc/avr/5.4.0/avr5\libgcc.a(_clear_bss.o)
 .text.libgcc.fixed
                0x0000056e        0x0 d:/folderpers/toolchain/atmeltoolchain/tools/avr8/avr8-gnu-toolchain/bin/../lib/gcc/avr/5.4.0/avr5\libgcc.a(_clear_bss.o)
                0x0000056e                . = ALIGN (0x2)
 *(.fini9)
 .fini9         0x0000056e        0x0 d:/folderpers/toolchain/atmeltoolchain/tools/avr8/avr8-gnu-toolchain/bin/../lib/gcc/avr/5.4.0/avr5\libgcc.a(_exit.o)
                0x0000056e                _exit
                0x0000056e                exit
 *(.fini9)
 *(.fini8)
 *(.fini8)
 *(.fini7)
 *(.fini7)
 *(.fini6)
 *(.fini6)
 *(.fini5)
 *(.fini5)
 *(.fini4)
 *(.fini4)
 *(.fini3)
 *(.fini3)
 *(.fini2)
 *(.fini2)
 *(.fini1)
 *(.fini1)
 *(.fini0)
 .fini0         0x0000056e        0x4 d:/folderpers/toolchain/atmeltoolchain/tools/avr8/avr8-gnu-toolchain/bin/../lib/gcc/avr/5.4.0/avr5\libgcc.a(_exit.o)
 *(.fini0)
                0x00000572                _etext = .

.data           0x00800060       0x1c load address 0x00000572
                0x00800060                PROVIDE (__data_start, .)
 *(.data)
 .data          0x00800060        0x0 d:/folderpers/toolchain/atmeltoolchain/tools/avr8/avr8-gnu-toolchain/bin/../lib/gcc/avr/5.4.0/../../../../avr/lib/avr5/crtatmega32a.o
 .data          0x00800060        0x0 OUT/afisare.o
 .data          0x00800060        0x0 OUT/Timer.o
 .data          0x00800060        0x0 OUT/button.o
 .data          0x00800060        0x0 OUT/main.o
 .data          0x00800060        0x0 OUT/ceas.o
 .data          0x00800060        0x0 OUT/os.o
 .data          0x00800060        0x0 d:/folderpers/toolchain/atmeltoolchain/tools/avr8/avr8-gnu-toolchain/bin/../lib/gcc/avr/5.4.0/avr5\libgcc.a(_exit.o)
 .data          0x00800060        0x0 d:/folderpers/toolchain/atmeltoolchain/tools/avr8/avr8-gnu-toolchain/bin/../lib/gcc/avr/5.4.0/avr5\libgcc.a(_copy_data.o)
 .data          0x00800060        0x0 d:/folderpers/toolchain/atmeltoolchain/tools/avr8/avr8-gnu-toolchain/bin/../lib/gcc/avr/5.4.0/avr5\libgcc.a(_clear_bss.o)
 *(.data*)
 .data.digit    0x00800060        0x8 OUT/ceas.o
                0x00800060                digit
 .data.cifra    0x00800068       0x14 OUT/ceas.o
                0x00800068                cifra
 *(.gnu.linkonce.d*)
 *(.rodata)
 *(.rodata*)
 *(.gnu.linkonce.r*)
                0x0080007c                . = ALIGN (0x2)
                0x0080007c                _edata = .
                0x0080007c                PROVIDE (__data_end, .)

.bss            0x0080007c       0x54
                0x0080007c                PROVIDE (__bss_start, .)
 *(.bss)
 .bss           0x0080007c        0x0 d:/folderpers/toolchain/atmeltoolchain/tools/avr8/avr8-gnu-toolchain/bin/../lib/gcc/avr/5.4.0/../../../../avr/lib/avr5/crtatmega32a.o
 .bss           0x0080007c        0x0 OUT/afisare.o
 .bss           0x0080007c        0x0 OUT/Timer.o
 .bss           0x0080007c        0x0 OUT/button.o
 .bss           0x0080007c        0x0 OUT/main.o
 .bss           0x0080007c        0x0 OUT/ceas.o
 .bss           0x0080007c        0x0 OUT/os.o
 .bss           0x0080007c        0x0 d:/folderpers/toolchain/atmeltoolchain/tools/avr8/avr8-gnu-toolchain/bin/../lib/gcc/avr/5.4.0/avr5\libgcc.a(_exit.o)
 .bss           0x0080007c        0x0 d:/folderpers/toolchain/atmeltoolchain/tools/avr8/avr8-gnu-toolchain/bin/../lib/gcc/avr/5.4.0/avr5\libgcc.a(_copy_data.o)
 .bss           0x0080007c        0x0 d:/folderpers/toolchain/atmeltoolchain/tools/avr8/avr8-gnu-toolchain/bin/../lib/gcc/avr/5.4.0/avr5\libgcc.a(_clear_bss.o)
 *(.bss*)
 .bss.flag      0x0080007c        0x2 OUT/button.o
                0x0080007c                flag
 .bss.FlagDouazeciMS
                0x0080007e        0x2 OUT/ceas.o
                0x0080007e                FlagDouazeciMS
 .bss.IndexSecPentruMinute
                0x00800080        0x2 OUT/ceas.o
                0x00800080                IndexSecPentruMinute
 .bss.IndexZecOre
                0x00800082        0x2 OUT/ceas.o
                0x00800082                IndexZecOre
 .bss.IndexOre  0x00800084        0x2 OUT/ceas.o
                0x00800084                IndexOre
 .bss.IndexZecMinute
                0x00800086        0x2 OUT/ceas.o
                0x00800086                IndexZecMinute
 .bss.IndexMinute
                0x00800088        0x2 OUT/ceas.o
                0x00800088                IndexMinute
 .bss.IndexZecSec
                0x0080008a        0x2 OUT/ceas.o
                0x0080008a                IndexZecSec
 .bss.IndexSec  0x0080008c        0x2 OUT/ceas.o
                0x0080008c                IndexSec
 .bss.IndexZecMiliSec
                0x0080008e        0x2 OUT/ceas.o
                0x0080008e                IndexZecMiliSec
 .bss.IndexMiliSec
                0x00800090        0x2 OUT/ceas.o
                0x00800090                IndexMiliSec
 .bss.index1    0x00800092        0x2 OUT/ceas.o
                0x00800092                index1
 *(COMMON)
 COMMON         0x00800094       0x18 OUT/button.o
                0x00800094                debounce_counter
                0x0080009c                button_state
                0x008000a4                button_down
 COMMON         0x008000ac       0x24 OUT/os.o
                0x008000ac                Tasks
                0x008000d0                PROVIDE (__bss_end, .)
                0x00000572                __data_load_start = LOADADDR (.data)
                0x0000058e                __data_load_end = (__data_load_start + SIZEOF (.data))

.noinit         0x008000d0        0x0
                [!provide]                PROVIDE (__noinit_start, .)
 *(.noinit*)
                [!provide]                PROVIDE (__noinit_end, .)
                0x008000d0                _end = .
                [!provide]                PROVIDE (__heap_start, .)

.eeprom         0x00810000        0x0
 *(.eeprom*)
                0x00810000                __eeprom_end = .

.fuse
 *(.fuse)
 *(.lfuse)
 *(.hfuse)
 *(.efuse)

.lock
 *(.lock*)

.signature
 *(.signature*)

.user_signatures
 *(.user_signatures*)

.stab
 *(.stab)

.stabstr
 *(.stabstr)

.stab.excl
 *(.stab.excl)

.stab.exclstr
 *(.stab.exclstr)

.stab.index
 *(.stab.index)

.stab.indexstr
 *(.stab.indexstr)

.comment        0x00000000       0x30
 *(.comment)
 .comment       0x00000000       0x30 OUT/afisare.o
                                 0x31 (size before relaxing)
 .comment       0x00000030       0x31 OUT/Timer.o
 .comment       0x00000030       0x31 OUT/button.o
 .comment       0x00000030       0x31 OUT/main.o
 .comment       0x00000030       0x31 OUT/ceas.o
 .comment       0x00000030       0x31 OUT/os.o

.note.gnu.avr.deviceinfo
                0x00000000       0x3c
 .note.gnu.avr.deviceinfo
                0x00000000       0x3c d:/folderpers/toolchain/atmeltoolchain/tools/avr8/avr8-gnu-toolchain/bin/../lib/gcc/avr/5.4.0/../../../../avr/lib/avr5/crtatmega32a.o

.note.gnu.build-id
 *(.note.gnu.build-id)

.debug
 *(.debug)

.line
 *(.line)

.debug_srcinfo
 *(.debug_srcinfo)

.debug_sfnames
 *(.debug_sfnames)

.debug_aranges
 *(.debug_aranges)

.debug_pubnames
 *(.debug_pubnames)

.debug_info     0x00000000      0x4e6
 *(.debug_info .gnu.linkonce.wi.*)
 .debug_info    0x00000000      0x4e6 d:/folderpers/toolchain/atmeltoolchain/tools/avr8/avr8-gnu-toolchain/bin/../lib/gcc/avr/5.4.0/../../../../avr/lib/avr5/crtatmega32a.o

.debug_abbrev   0x00000000      0x4a3
 *(.debug_abbrev)
 .debug_abbrev  0x00000000      0x4a3 d:/folderpers/toolchain/atmeltoolchain/tools/avr8/avr8-gnu-toolchain/bin/../lib/gcc/avr/5.4.0/../../../../avr/lib/avr5/crtatmega32a.o

.debug_line     0x00000000       0x1a
 *(.debug_line .debug_line.* .debug_line_end)
 .debug_line    0x00000000       0x1a d:/folderpers/toolchain/atmeltoolchain/tools/avr8/avr8-gnu-toolchain/bin/../lib/gcc/avr/5.4.0/../../../../avr/lib/avr5/crtatmega32a.o

.debug_frame
 *(.debug_frame)

.debug_str      0x00000000      0x196
 *(.debug_str)
 .debug_str     0x00000000      0x196 d:/folderpers/toolchain/atmeltoolchain/tools/avr8/avr8-gnu-toolchain/bin/../lib/gcc/avr/5.4.0/../../../../avr/lib/avr5/crtatmega32a.o

.debug_loc
 *(.debug_loc)

.debug_macinfo
 *(.debug_macinfo)

.debug_weaknames
 *(.debug_weaknames)

.debug_funcnames
 *(.debug_funcnames)

.debug_typenames
 *(.debug_typenames)

.debug_varnames
 *(.debug_varnames)

.debug_pubtypes
 *(.debug_pubtypes)

.debug_ranges
 *(.debug_ranges)

.debug_macro
 *(.debug_macro)
OUTPUT(OUT/Out.elf elf32-avr)
LOAD linker stubs
